dev_arweave: post_ans104_tx_test...*failed*
dev_arweave: get_tx_basic_data_test...*failed*
dev_arweave: get_tx_rsa_nested_bundle_test...*failed*
dev_auth_hook: chained_preprocess_test...*failed*
dev_bundler: bundle_count_test...*failed*
dev_bundler: bundle_size_test...*failed*
dev_bundler: price_error_test...*failed*
dev_bundler: anchor_error_test...*failed*
dev_bundler: tx_error_test...*failed*
dev_bundler: idle_test...*failed*
dev_bundler: dispatch_blocking_test...*failed*
dev_cache: cache_write_message_test...*failed*
dev_cache: cache_write_binary_test...*failed*
dev_codec_ans104: unsigned_mixedcase_bundle_list_tags_1_test...*failed*
dev_codec_ans104: unsigned_mixedcase_bundle_list_tags_2_test...*failed*
dev_codec_ans104: unsigned_mixedcase_bundle_map_tags_test...*failed*
dev_copycat_graphql: fetch_scheduler_location_test...*failed*
dev_genesis_wasm: import_legacy_checkpoint...*failed*
dev_genesis_wasm: dryrun_genesis_wasm...*failed*
dev_lookup: http_lookup_test...*failed*
dev_lua: load_modules_by_id...*failed*
dev_meta: unauthorized_set_node_msg_fails_test...*failed*
dev_meta: authorized_set_node_msg_succeeds_test...*failed*
dev_meta: permanent_node_message_test...*failed*
dev_meta: claim_node_test...*failed*
dev_p4: non_chargable_route_test...*failed*
dev_push: nested_push_prompts_encoding_change...*failed*
dev_relay: commit_request_test...*failed*
dev_router: dynamic_router_pricing...*failed*
dev_router: add_route_test...*failed*
dev_scheduler: register_scheduler_test...*failed*
dev_scheduler: http_get_schedule_redirect...*failed*
dev_scheduler: http_post_schedule...*failed*
dev_scheduler: -http_get_schedule_test_/0-fun-3-...*failed*
dev_scheduler: -http_get_legacy_schedule_test_/0-fun-1-...*failed*
dev_scheduler: -http_get_legacy_schedule_slot_range_test_/0-fun-1-...*failed*
dev_scheduler: -http_get_json_schedule_test_/0-fun-3-...*failed*
dev_secret: client_persist_generate_and_verify_test...*failed*
dev_secret: cookie_wallet_generate_and_verify_test...*failed*
dev_secret: non_volatile_persist_generate_and_verify_test...*failed*
dev_secret: list_wallets_test...*failed*
dev_secret: commit_with_cookie_wallet_test...*failed*
dev_secret: export_wallet_test...*failed*
dev_secret: export_non_volatile_wallet_test...*failed*
dev_secret: export_individual_batch_wallets_test...*failed*
dev_secret: export_batch_all_wallets_test...*failed*
dev_secret: sync_wallets_test...*failed*
dev_secret: sync_non_volatile_wallets_test...*failed*
dev_simple_pay: get_balance_and_top_up_test...*failed*
dev_simple_pay: apply_price_test...*failed*
dev_stack: not_found_test...*failed*
hb_examples: relay_with_payments...*failed*
hb_examples: paid_wasm...*failed*
hb_examples: relay_schedule_ans104_test...*failed*
hb_http: run_wasm_unsigned_test...*failed*
hb_http: run_wasm_signed_test...*failed*
hb_http: get_deep_unsigned_wasm_state_test...*failed*
hb_http: get_deep_signed_wasm_state_test...*failed*
hb_http: ans104_wasm_test...*failed*
hb_test_utils: -suite_with_opts/2-fun-1- (Default opts: httpsig@1.0: Signed with inner signed)...*failed*
hb_opts: load_flat_test...*failed*
hb_opts: load_json_test...*failed*
hb_private: priv_opts_cache_read_message_test...*failed*
hb_store_gateway: avoid_double_read_test...*failed*
hb_store_gateway: external_http_access_test...*failed*
hb_store_gateway: store_opts_test...*failed*
hb_store_lmdb: cache_debug_test...*failed*
hb_store_lmdb: isolated_type_debug_test...*failed*
hb_store_lmdb: list_with_link_test...*failed*
hb_store_remote_node: read_test (module 'hb_store_remote_node')...*failed*